94.79.44.40 - - [18/May/2015:00:05:06 +0000] "GET /images/jordan-80.png HTTP/1.1" 200 6146 "http://www.semicomplete.com/blog/geekery/xsendevent-xdotool-and-ld_preload.html" "Mozilla/5.0 (X11; Linux x86_64; rv:27.0) Gecko/20100101 Firefox/27.0"
94.79.44.40 - - [18/May/2015:00:05:42 +0000] "GET /images/web/2009/banner.png HTTP/1.1" 200 52315 "http://www.semicomplete.com/style2.css" "Mozilla/5.0 (X11; Linux x86_64; rv:27.0) Gecko/20100101 Firefox/27.0"
180.76.6.52 - - [18/May/2015:00:05:22 +0000] "GET /blog/geekery/sysprep-might-cause-early-balding.html?commentlimit=0 HTTP/1.1" 200 9043 "-" "Mozilla/5.0 (compatible; Baiduspider/2.0; +http://www.baidu.com/search/spider.html)"
117.78.13.17 - - [18/May/2015:00:05:20 +0000] "GET /robots.txt HTTP/1.0" 200 - "-" "nutch-1.4/Nutch-1.4"
117.78.13.17 - - [18/May/2015:00:05:49 +0000] "GET / HTTP/1.0" 200 37932 "-" "nutch-1.4/Nutch-1.4"
207.241.237.102 - - [18/May/2015:00:05:32 +0000] "GET /blog/tags/egg2rpm HTTP/1.0" 200 11338 "http://www.semicomplete.com/blog/tags/tools" "Mozilla/5.0 (compatible; archive.org_bot +http://www.archive.org/details/archive.org_bot)"
74.125.176.82 - - [18/May/2015:00:05:46 +0000] "GET /?flav=rss20 HTTP/1.1" 200 29941 "-" "FeedBurner/1.0 (http://www.FeedBurner.com)"
207.241.237.225 - - [18/May/2015:00:05:42 +0000] "GET /blog/productivity/wakeup-script.html HTTP/1.0" 200 8753 "http://www.semicomplete.com/blog/tags/tools" "Mozilla/5.0 (compatible; archive.org_bot +http://www.archive.org/details/archive.org_bot)"
5.63.5.62 - - [18/May/2015:00:05:59 +0000] "GET /images/googledotcom.png HTTP/1.1" 200 65748 "-" "Mozilla/5.0 (Linux; U; Android 4.1.2; en-us; GT-I8552 Build/JZO54K) AppleWebKit/534.30 (KHTML, like Gecko) Version/4.0 Mobile Safari/534.30 GSA/3.1.24.941712.arm"
207.241.237.223 - - [18/May/2015:00:05:36 +0000] "GET /blog/tags/site HTTP/1.0" 200 28160 "http://www.semicomplete.com/blog/tags/year%20review" "Mozilla/5.0 (compatible; archive.org_bot +http://www.archive.org/details/archive.org_bot)"
207.241.237.227 - - [18/May/2015:00:05:47 +0000] "GET /blog/tags/security HTTP/1.0" 200 52349 "http://www.semicomplete.com/blog/tags/year%20review" "Mozilla/5.0 (compatible; archive.org_bot +http://www.archive.org/details/archive.org_bot)"
192.3.22.170 - - [18/May/2015:00:05:32 +0000] "GET / HTTP/1.0" 200 37932 "http://www.semicomplete.com/" "Mozilla/5.0 (Macintosh; Intel Mac OS X 10.7; rv:21.0) Gecko/20100101 Firefox/21.0"
192.3.22.170 - - [18/May/2015:00:05:05 +0000] "GET /blog/geekery/installing-windows-8-consumer-preview.html HTTP/1.0" 200 8948 "http://www.semicomplete.com/" "Mozilla/5.0 (Macintosh; Intel Mac OS X 10.7; rv:21.0) Gecko/20100101 Firefox/21.0"
46.105.14.53 - - [18/May/2015:00:05:56 +0000] "GET /blog/tags/puppet?flav=rss20 HTTP/1.1" 200 14872 "-" "UniversalFeedParser/4.2-pre-314-svn +http://feedparser.org/"
207.241.237.227 - - [18/May/2015:01:05:15 +0000] "GET /blog/tags/releases HTTP/1.0" 200 19781 "http://www.semicomplete.com/blog/tags/year%20review" "Mozilla/5.0 (compatible; archive.org_bot +http://www.archive.org/details/archive.org_bot)"
207.241.237.220 - - [18/May/2015:01:05:11 +0000] "GET /blog/geekery/tsawm-window-manager-project.html HTTP/1.0" 200 10489 "http://www.semicomplete.com/blog/tags/year%20review" "Mozilla/5.0 (compatible; archive.org_bot +http://www.archive.org/details/archive.org_bot)"
207.241.237.225 - - [18/May/2015:01:05:53 +0000] "GET /blog/tags/xdo HTTP/1.0" 200 17500 "http://www.semicomplete.com/blog/tags/year%20review" "Mozilla/5.0 (compatible; archive.org_bot +http://www.archive.org/details/archive.org_bot)"
173.44.57.180 - - [18/May/2015:01:05:47 +0000] "GET /blog/projects HTTP/1.1" 200 54683 "http://www.semicomplete.com/" "Mozilla/5.0 (Macintosh; Intel Mac OS X 10.7; rv:21.0) Gecko/20100101 Firefox/21.0"
207.241.237.104 - - [18/May/2015:01:05:56 +0000] "GET /blog/tags/software HTTP/1.0" 200 11159 "http://www.semicomplete.com/blog/tags/year%20review" "Mozilla/5.0 (compatible; archive.org_bot +http://www.archive.org/details/archive.org_bot)"
85.28.124.249 - - [18/May/2015:01:05:25 +0000] "GET /articles/dynamic-dns-with-dhcp/ HTTP/1.1" 200 18848 "https://www.google.pl/" "Mozilla/5.0 (Windows NT 5.1) AppleWebKit/537.36 (KHTML, like Gecko) Chrome/32.0.1700.107 Safari/537.36"
85.28.124.249 - - [18/May/2015:01:05:08 +0000] "GET /style2.css HTTP/1.1" 200 4877 "http://www.semicomplete.com/articles/dynamic-dns-with-dhcp/" "Mozilla/5.0 (Windows NT 5.1) AppleWebKit/537.36 (KHTML, like Gecko) Chrome/32.0.1700.107 Safari/537.36"
85.28.124.249 - - [18/May/2015:01:05:50 +0000] "GET /images/jordan-80.png HTTP/1.1" 200 6146 "http://www.semicomplete.com/articles/dynamic-dns-with-dhcp/" "Mozilla/5.0 (Windows NT 5.1) AppleWebKit/537.36 (KHTML, like Gecko) Chrome/32.0.1700.107 Safari/537.36"
85.28.124.249 - - [18/May/2015:01:05:59 +0000] "GET /reset.css HTTP/1.1" 200 1015 "http://www.semicomplete.com/articles/dynamic-dns-with-dhcp/" "Mozilla/5.0 (Windows NT 5.1) AppleWebKit/537.36 (KHTML, like Gecko) Chrome/32.0.1700.107 Safari/537.36"
85.28.124.249 - - [18/May/2015:01:05:33 +0000] "GET /images/web/2009/banner.png HTTP/1.1" 200 52315 "http://www.semicomplete.com/articles/dynamic-dns-with-dhcp/" "Mozilla/5.0 (Windows NT 5.1) AppleWebKit/537.36 (KHTML, like Gecko) Chrome/32.0.1700.107 Safari/537.36"
85.28.124.249 - - [18/May/2015:01:05:00 +0000] "GET /favicon.ico HTTP/1.1" 200 3638 "-" "Mozilla/5.0 (Windows NT 5.1) AppleWebKit/537.36 (KHTML, like Gecko) Chrome/32.0.1700.107 Safari/537.36"
66.249.73.135 - - [18/May/2015:01:05:52 +0000] "GET /?flav=atom HTTP/1.1" 200 32352 "-" "Mozilla/5.0 (compatible; Googlebot/2.1; +http://www.google.com/bot.html)"
100.43.83.137 - - [18/May/2015:01:05:16 +0000] "GET /presentations/logstash-scale11x/images/logstashbook.png HTTP/1.1" 304 - "-" "Mozilla/5.0 (compatible; YandexImages/3.0; +http://yandex.com/bots)"
207.241.237.223 - - [18/May/2015:01:05:26 +0000] "GET /blog/geekery/xscreensaver-hack-to-not-annoy-coworkers.html HTTP/1.0" 200 8851 "http://www.semicomplete.com/blog/tags/year%20review" "Mozilla/5.0 (compatible; archive.org_bot +http://www.archive.org/details/archive.org_bot)"
207.241.237.102 - - [18/May/2015:01:05:21 +0000] "GET /blog/geekery/python-data-bdb-and-friends.html HTTP/1.0" 200 11607 "http://www.semicomplete.com/blog/tags/year%20review" "Mozilla/5.0 (compatible; archive.org_bot +http://www.archive.org/details/archive.org_bot)"
207.241.237.223 - - [18/May/2015:01:05:14 +0000] "GET /blog/tags/shdh18 HTTP/1.0" 200 14598 "http://www.semicomplete.com/blog/tags/year%20review" "Mozilla/5.0 (compatible; archive.org_bot +http://www.archive.org/details/archive.org_bot)"
207.241.237.223 - - [18/May/2015:01:05:54 +0000] "GET /blog/tags/strtok HTTP/1.0" 200 10404 "http://www.semicomplete.com/blog/tags/year%20review" "Mozilla/5.0 (compatible; archive.org_bot +http://www.archive.org/details/archive.org_bot)"
207.241.237.221 - - [18/May/2015:01:05:21 +0000] "GET /blog/geekery/a-step-in-a-new-direction.html HTTP/1.0" 200 15431 "http://www.semicomplete.com/blog/tags/year%20review" "Mozilla/5.0 (compatible; archive.org_bot +http://www.archive.org/details/archive.org_bot)"
207.241.237.221 - - [18/May/2015:01:05:24 +0000] "GET /blog/tags/pam_captcha HTTP/1.0" 200 14868 "http://www.semicomplete.com/blog/tags/year%20review" "Mozilla/5.0 (compatible; archive.org_bot +http://www.archive.org/details/archive.org_bot)"
207.241.237.220 - - [18/May/2015:01:05:38 +0000] "GET /blog/geekery/eventdb-ideas.html HTTP/1.0" 200 11418 "http://www.semicomplete.com/blog/tags/year%20review" "Mozilla/5.0 (compatible; archive.org_bot +http://www.archive.org/details/archive.org_bot)"
207.241.237.220 - - [18/May/2015:01:05:24 +0000] "GET /blog/tags/barcampstanford HTTP/1.0" 200 18698 "http://www.semicomplete.com/blog/tags/year%20review" "Mozilla/5.0 (compatible; archive.org_bot +http://www.archive.org/details/archive.org_bot)"
207.241.237.101 - - [18/May/2015:01:05:40 +0000] "GET /blog/geekery/mini-freebsd-script.html HTTP/1.0" 200 10638 "http://www.semicomplete.com/blog/tags/year%20review" "Mozilla/5.0 (compatible; archive.org_bot +http://www.archive.org/details/archive.org_bot)"
207.241.237.104 - - [18/May/2015:01:05:49 +0000] "GET /blog/tags/xpathtool HTTP/1.0" 200 12150 "http://www.semicomplete.com/blog/tags/year%20review" "Mozilla/5.0 (compatible; archive.org_bot +http://www.archive.org/details/archive.org_bot)"
66.249.73.185 - - [18/May/2015:01:05:47 +0000] "GET /files/pam_logfailure/ HTTP/1.1" 200 992 "-" "SAMSUNG-SGH-E250/1.0 Profile/MIDP-2.0 Configuration/CLDC-1.1 UP.Browser/6.2.3.3.c.1.101 (GUI) MMP/2.0 (compatible; Googlebot-Mobile/2.1; +http://www.google.com/bot.html)"
207.241.237.220 - - [18/May/2015:01:05:32 +0000] "GET /blog/tags/pcre HTTP/1.0" 200 19905 "http://www.semicomplete.com/blog/tags/year%20review" "Mozilla/5.0 (compatible; archive.org_bot +http://www.archive.org/details/archive.org_bot)"
207.241.237.102 - - [18/May/2015:01:05:20 +0000] "GET /blog/tags/apache HTTP/1.0" 200 15846 "http://www.semicomplete.com/blog/tags/year%20review" "Mozilla/5.0 (compatible; archive.org_bot +http://www.archive.org/details/archive.org_bot)"
50.152.223.37 - - [18/May/2015:01:05:10 +0000] "GET /presentations/logstash-scale11x/images/logstash.png HTTP/1.1" 200 47731 "http://kufli.blogspot.com/2013/07/log-analysis-using-logstash.html" "Mozilla/5.0 (Windows NT 6.1; WOW64) AppleWebKit/537.36 (KHTML, like Gecko) Chrome/32.0.1700.107 Safari/537.36"
207.241.237.103 - - [18/May/2015:01:05:42 +0000] "GET /blog/geekery/grok-like-grep.html HTTP/1.0" 200 11885 "http://www.semicomplete.com/blog/tags/year%20review" "Mozilla/5.0 (compatible; archive.org_bot +http://www.archive.org/details/archive.org_bot)"
46.105.14.53 - - [18/May/2015:01:05:55 +0000] "GET /blog/tags/puppet?flav=rss20 HTTP/1.1" 200 14872 "-" "UniversalFeedParser/4.2-pre-314-svn +http://feedparser.org/"
66.249.73.135 - - [18/May/2015:01:05:47 +0000] "GET /articles/dynamic-dns-with-dhcp/ HTTP/1.1" 200 18848 "-" "Mozilla/5.0 (compatible; Googlebot/2.1; +http://www.google.com/bot.html)"
207.241.237.225 - - [18/May/2015:01:05:22 +0000] "GET /blog/tags/extension HTTP/1.0" 200 11376 "http://www.semicomplete.com/blog/tags/year%20review" "Mozilla/5.0 (compatible; archive.org_bot +http://www.archive.org/details/archive.org_bot)"
66.249.73.135 - - [18/May/2015:01:05:29 +0000] "GET /blog/tags/installer%20failure HTTP/1.1" 200 8948 "-" "Mozilla/5.0 (compatible; Googlebot/2.1; +http://www.google.com/bot.html)"
207.241.237.101 - - [18/May/2015:01:05:00 +0000] "GET /blog/geekery/year-in-review-2006.html HTTP/1.0" 200 11717 "http://www.semicomplete.com/blog/tags/year%20review" "Mozilla/5.0 (compatible; archive.org_bot +http://www.archive.org/details/archive.org_bot)"
54.234.1.193 - - [18/May/2015:01:05:48 +0000] "GET /favicon.ico HTTP/1.1" 200 3638 "-" "HTTP_Request2/2.1.1 (http://pear.php.net/package/http_request2) PHP/5.3.2-1ubuntu4.18"
207.241.237.227 - - [18/May/2015:01:05:49 +0000] "GET /blog/tags/defcon15 HTTP/1.0" 200 20233 "http://www.semicomplete.com/blog/tags/year%20review" "Mozilla/5.0 (compatible; archive.org_bot +http://www.archive.org/details/archive.org_bot)"
100.43.83.137 - - [18/May/2015:01:05:03 +0000] "GET /presentations/logstash-puppetconf-2012/images/kibana-logstash-downloads.png HTTP/1.1" 304 - "-" "Mozilla/5.0 (compatible; YandexImages/3.0; +http://yandex.com/bots)"
207.241.237.220 - - [18/May/2015:01:05:44 +0000] "GET /blog/tags/tales-of-olden-time HTTP/1.0" 200 11717 "http://www.semicomplete.com/blog/tags/year%20review" "Mozilla/5.0 (compatible; archive.org_bot +http://www.archive.org/details/archive.org_bot)"
50.16.19.13 - - [18/May/2015:01:05:41 +0000] "GET /blog/tags/puppet?flav=rss20 HTTP/1.1" 200 14872 "http://www.semicomplete.com/blog/tags/puppet?flav=rss20" "Tiny Tiny RSS/1.11 (http://tt-rss.org/)"
100.43.83.137 - - [18/May/2015:01:05:09 +0000] "GET /presentations/logstash-scale11x/images/tiered-redis-input.jpg HTTP/1.1" 304 - "-" "Mozilla/5.0 (compatible; YandexImages/3.0; +http://yandex.com/bots)"
82.145.219.13 - - [18/May/2015:01:05:11 +0000] "GET /blog HTTP/1.1" 200 37936 "-" "Opera/9.80 (iPhone; Opera Mini/7.0.3/34.1244; U; de) Presto/2.8.119 Version/11.10"
82.145.219.13 - - [18/May/2015:01:05:07 +0000] "GET /style2.css HTTP/1.1" 200 4877 "http://www.semicomplete.com/blog" "Opera/9.80 (iPhone; Opera Mini/7.0.3/34.1244; U; de) Presto/2.8.119 Version/11.10"
82.145.219.13 - - [18/May/2015:01:05:38 +0000] "GET /favicon.ico HTTP/1.1" 200 3638 "http://www.semicomplete.com/blog" "Opera/9.80 (iPhone; Opera Mini/7.0.3/34.1244; U; de) Presto/2.8.119 Version/11.10"
82.145.219.13 - - [18/May/2015:01:05:10 +0000] "GET /images/jordan-80.png HTTP/1.1" 200 6146 "http://www.semicomplete.com/blog" "Opera/9.80 (iPhone; Opera Mini/7.0.3/34.1244; U; de) Presto/2.8.119 Version/11.10"
82.145.219.13 - - [18/May/2015:01:05:02 +0000] "GET /reset.css HTTP/1.1" 200 1015 "http://www.semicomplete.com/blog" "Opera/9.80 (iPhone; Opera Mini/7.0.3/34.1244; U; de) Presto/2.8.119 Version/11.10"
82.145.219.13 - - [18/May/2015:01:05:26 +0000] "GET /images/web/2009/banner.png HTTP/1.1" 200 52315 "http://www.semicomplete.com/blog" "Opera/9.80 (iPhone; Opera Mini/7.0.3/34.1244; U; de) Presto/2.8.119 Version/11.10"
207.241.237.220 - - [18/May/2015:01:05:43 +0000] "GET /blog/tags/c++ HTTP/1.0" 200 27925 "http://www.semicomplete.com/blog/tags/year%20review" "Mozilla/5.0 (compatible; archive.org_bot +http://www.archive.org/details/archive.org_bot)"
207.241.237.101 - - [18/May/2015:01:05:37 +0000] "GET /blog/geekery/wsj-feature.html HTTP/1.0" 200 9583 "http://www.semicomplete.com/blog/tags/year%20review" "Mozilla/5.0 (compatible; archive.org_bot +http://www.archive.org/details/archive.org_bot)"
207.241.237.225 - - [18/May/2015:01:05:40 +0000] "GET /blog/geekery/grok-and-eventdb.html HTTP/1.0" 200 12456 "http://www.semicomplete.com/blog/tags/year%20review" "Mozilla/5.0 (compatible; archive.org_bot +http://www.archive.org/details/archive.org_bot)"
173.217.194.185 - - [18/May/2015:01:05:03 +0000] "GET /presentations/logstash-preso-1.0/images/ahhh___rage_face_by_samusmmx-d5g5zap.png HTTP/1.1" 200 175208 "-" "Mozilla/5.0 (Windows NT 6.3; WOW64; Trident/7.0; rv:11.0) like Gecko"
144.76.137.226 - - [18/May/2015:01:05:57 +0000] "GET /robots.txt HTTP/1.0" 200 - "-" "Mozilla/5.0 (compatible; MJ12bot/v1.4.4; http://www.majestic12.co.uk/bot.php?+)"
207.241.237.223 - - [18/May/2015:01:05:33 +0000] "GET /blog/geekery/storageutils-db-graphs-etc.html HTTP/1.0" 200 10167 "http://www.semicomplete.com/blog/tags/year%20review" "Mozilla/5.0 (compatible; archive.org_bot +http://www.archive.org/details/archive.org_bot)"
144.76.137.226 - - [18/May/2015:01:05:54 +0000] "GET /projects/firefox-urledit/urledit-screencast.html HTTP/1.0" 200 783 "-" "Mozilla/5.0 (compatible; MJ12bot/v1.4.4; http://www.majestic12.co.uk/bot.php?+)"
207.241.237.223 - - [18/May/2015:01:05:58 +0000] "GET /blog/geekery/jquery-interface-puffer.html HTTP/1.0" 200 9799 "http://ijavascript.cn/jquery/jquery-plugin-list-470.html" "Mozilla/5.0 (compatible; archive.org_bot +http://www.archive.org/details/archive.org_bot)"
207.241.237.226 - - [18/May/2015:01:05:07 +0000] "GET /blog/tags/mashupcampdublin HTTP/1.0" 200 13867 "http://www.semicomplete.com/blog/tags/year%20review" "Mozilla/5.0 (compatible; archive.org_bot +http://www.archive.org/details/archive.org_bot)"
207.241.237.223 - - [18/May/2015:01:05:19 +0000] "GET /blog/tags/gtk HTTP/1.0" 200 14316 "http://www.semicomplete.com/blog/tags/year%20review" "Mozilla/5.0 (compatible; archive.org_bot +http://www.archive.org/details/archive.org_bot)"
66.249.73.135 - - [18/May/2015:01:05:36 +0000] "GET /blog/geekery/sequencing-and-searching-strings HTTP/1.1" 200 15370 "-" "Mozilla/5.0 (iPhone; CPU iPhone OS 6_0 like Mac OS X) AppleWebKit/536.26 (KHTML, like Gecko) Version/6.0 Mobile/10A5376e Safari/8536.25 (compatible; Googlebot/2.1; +http://www.google.com/bot.html)"
207.241.237.104 - - [18/May/2015:01:05:00 +0000] "GET /blog/geekery/grok-and-advanced-regex HTTP/1.0" 200 11715 "http://www.semicomplete.com/blog/tags/year%20review" "Mozilla/5.0 (compatible; archive.org_bot +http://www.archive.org/details/archive.org_bot)"
207.241.237.101 - - [18/May/2015:01:05:35 +0000] "GET /blog/geekery/splitting-large-logs.html HTTP/1.0" 200 11920 "http://www.semicomplete.com/blog/tags/year%20review" "Mozilla/5.0 (compatible; archive.org_bot +http://www.archive.org/details/archive.org_bot)"
207.241.237.226 - - [18/May/2015:01:05:46 +0000] "GET /blog/geekery/squid-selenium-dance-party.html HTTP/1.0" 200 9633 "http://www.semicomplete.com/blog/tags/year%20review" "Mozilla/5.0 (compatible; archive.org_bot +http://www.archive.org/details/archive.org_bot)"
46.105.14.53 - - [18/May/2015:01:05:47 +0000] "GET /blog/tags/puppet?flav=rss20 HTTP/1.1" 200 14872 "-" "UniversalFeedParser/4.2-pre-314-svn +http://feedparser.org/"
207.241.237.101 - - [18/May/2015:01:05:32 +0000] "GET /blog/geekery/simple-mysql-slave-id-scaling.html HTTP/1.0" 200 11199 "http://www.semicomplete.com/blog/tags/year%20review" "Mozilla/5.0 (compatible; archive.org_bot +http://www.archive.org/details/archive.org_bot)"
207.241.237.221 - - [18/May/2015:01:05:20 +0000] "GET /blog/tags/cgrok HTTP/1.0" 200 14014 "http://www.semicomplete.com/blog/tags/year%20review" "Mozilla/5.0 (compatible; archive.org_bot +http://www.archive.org/details/archive.org_bot)"
207.241.237.220 - - [18/May/2015:01:05:03 +0000] "GET /blog/geekery/grok-gets-more-ridiculous.html HTTP/1.0" 200 9975 "http://www.semicomplete.com/blog/tags/year%20review" "Mozilla/5.0 (compatible; archive.org_bot +http://www.archive.org/details/archive.org_bot)"
207.241.237.226 - - [18/May/2015:01:05:56 +0000] "GET /blog/tags/c++grok HTTP/1.0" 200 13064 "http://www.semicomplete.com/blog/tags/year%20review" "Mozilla/5.0 (compatible; archive.org_bot +http://www.archive.org/details/archive.org_bot)"
86.76.247.183 - - [18/May/2015:01:05:44 +0000] "GET /presentations/logstash-preso-1.0/ HTTP/1.1" 200 56479 "http://www.google.fr/imgres?safe=active&rlz=1C1GGGE_frFR372&espvd=210&es_sm=122&biw=1680&bih=925&tbm=isch&tbnid=R12t1E-Ol4AzhM%3A&imgrefurl=http%3A%2F%2Fwww.semicomplete.com%2Fpresentations%2Flogstash-preso-1.0%2F&docid=IhBOsaO4IbjvoM&imgurl=http%3A%2F%2Fwww.semicomplete.com%2Fpresentations%2Flogstash-preso-1.0%2Fimages%2Fahhh___rage_face_by_samusmmx-d5g5zap.png&w=576&h=570&ei=exwBU6HBFKbB0QWPpoDYDg&zoom=1&iact=rc&dur=1114&page=1&start=0&ndsp=46&ved=0CIsBEK0DMBI" "Mozilla/5.0 (Windows NT 6.1; WOW64) AppleWebKit/537.36 (KHTML, like Gecko) Chrome/32.0.1700.107 Safari/537.36"
86.76.247.183 - - [18/May/2015:01:05:22 +0000] "GET /presentations/logstash-preso-1.0/images/ahhh___rage_face_by_samusmmx-d5g5zap.png HTTP/1.1" 200 175208 "http://www.google.fr/imgres?safe=active&rlz=1C1GGGE_frFR372&espvd=210&es_sm=122&biw=1680&bih=925&tbm=isch&tbnid=R12t1E-Ol4AzhM%3A&imgrefurl=http%3A%2F%2Fwww.semicomplete.com%2Fpresentations%2Flogstash-preso-1.0%2F&docid=IhBOsaO4IbjvoM&imgurl=http%3A%2F%2Fwww.semicomplete.com%2Fpresentations%2Flogstash-preso-1.0%2Fimages%2Fahhh___rage_face_by_samusmmx-d5g5zap.png&w=576&h=570&ei=exwBU6HBFKbB0QWPpoDYDg&zoom=1&iact=rc&dur=1114&page=1&start=0&ndsp=46&ved=0CIsBEK0DMBI" "Mozilla/5.0 (Windows NT 6.1; WOW64) AppleWebKit/537.36 (KHTML, like Gecko) Chrome/32.0.1700.107 Safari/537.36"
86.76.247.183 - - [18/May/2015:01:05:07 +0000] "GET /presentations/logstash-preso-1.0/css/reveal.min.css HTTP/1.1" 200 23581 "http://www.semicomplete.com/presentations/logstash-preso-1.0/" "Mozilla/5.0 (Windows NT 6.1; WOW64) AppleWebKit/537.36 (KHTML, like Gecko) Chrome/32.0.1700.107 Safari/537.36"
86.76.247.183 - - [18/May/2015:01:05:44 +0000] "GET /presentations/logstash-preso-1.0/css/theme/night-jls.css HTTP/1.1" 200 3811 "http://www.semicomplete.com/presentations/logstash-preso-1.0/" "Mozilla/5.0 (Windows NT 6.1; WOW64) AppleWebKit/537.36 (KHTML, like Gecko) Chrome/32.0.1700.107 Safari/537.36"
86.76.247.183 - - [18/May/2015:01:05:32 +0000] "GET /presentations/logstash-preso-1.0/lib/css/zenburn.css HTTP/1.1" 200 1791 "http://www.semicomplete.com/presentations/logstash-preso-1.0/" "Mozilla/5.0 (Windows NT 6.1; WOW64) AppleWebKit/537.36 (KHTML, like Gecko) Chrome/32.0.1700.107 Safari/537.36"
86.76.247.183 - - [18/May/2015:01:05:05 +0000] "GET /presentations/logstash-preso-1.0/css/extra.css HTTP/1.1" 200 1395 "http://www.semicomplete.com/presentations/logstash-preso-1.0/" "Mozilla/5.0 (Windows NT 6.1; WOW64) AppleWebKit/537.36 (KHTML, like Gecko) Chrome/32.0.1700.107 Safari/537.36"
86.76.247.183 - - [18/May/2015:01:05:08 +0000] "GET /presentations/logstash-preso-1.0/images/logstash.png HTTP/1.1" 200 47731 "http://www.semicomplete.com/presentations/logstash-preso-1.0/" "Mozilla/5.0 (Windows NT 6.1; WOW64) AppleWebKit/537.36 (KHTML, like Gecko) Chrome/32.0.1700.107 Safari/537.36"
86.76.247.183 - - [18/May/2015:01:05:37 +0000] "GET /presentations/logstash-preso-1.0/lib/js/head.min.js HTTP/1.1" 200 3170 "http://www.semicomplete.com/presentations/logstash-preso-1.0/" "Mozilla/5.0 (Windows NT 6.1; WOW64) AppleWebKit/537.36 (KHTML, like Gecko) Chrome/32.0.1700.107 Safari/537.36"
86.76.247.183 - - [18/May/2015:01:05:19 +0000] "GET /presentations/logstash-preso-1.0/js/reveal.min.js HTTP/1.1" 200 18091 "http://www.semicomplete.com/presentations/logstash-preso-1.0/" "Mozilla/5.0 (Windows NT 6.1; WOW64) AppleWebKit/537.36 (KHTML, like Gecko) Chrome/32.0.1700.107 Safari/537.36"
86.76.247.183 - - [18/May/2015:01:05:31 +0000] "GET /presentations/logstash-preso-1.0/css/fonts/OpenSans.css HTTP/1.1" 200 863 "http://www.semicomplete.com/presentations/logstash-preso-1.0/" "Mozilla/5.0 (Windows NT 6.1; WOW64) AppleWebKit/537.36 (KHTML, like Gecko) Chrome/32.0.1700.107 Safari/537.36"
86.76.247.183 - - [18/May/2015:01:05:48 +0000] "GET /presentations/logstash-preso-1.0/css/fonts/Roboto.css HTTP/1.1" 200 357 "http://www.semicomplete.com/presentations/logstash-preso-1.0/" "Mozilla/5.0 (Windows NT 6.1; WOW64) AppleWebKit/537.36 (KHTML, like Gecko) Chrome/32.0.1700.107 Safari/537.36"
86.76.247.183 - - [18/May/2015:01:05:10 +0000] "GET /presentations/logstash-preso-1.0/images/alarm-clock.jpg HTTP/1.1" 200 10645 "http://www.semicomplete.com/presentations/logstash-preso-1.0/" "Mozilla/5.0 (Windows NT 6.1; WOW64) AppleWebKit/537.36 (KHTML, like Gecko) Chrome/32.0.1700.107 Safari/537.36"
86.76.247.183 - - [18/May/2015:01:05:18 +0000] "GET /presentations/logstash-preso-1.0/images/nagios-sms1.png HTTP/1.1" 200 55478 "http://www.semicomplete.com/presentations/logstash-preso-1.0/" "Mozilla/5.0 (Windows NT 6.1; WOW64) AppleWebKit/537.36 (KHTML, like Gecko) Chrome/32.0.1700.107 Safari/537.36"
86.76.247.183 - - [18/May/2015:01:05:06 +0000] "GET /presentations/logstash-preso-1.0/css/fonts/xjAJXh38I15wypJXxuGMBp0EAVxt0G0biEntp43Qt6E.ttf HTTP/1.1" 200 34416 "http://www.semicomplete.com/presentations/logstash-preso-1.0/" "Mozilla/5.0 (Windows NT 6.1; WOW64) AppleWebKit/537.36 (KHTML, like Gecko) Chrome/32.0.1700.107 Safari/537.36"
86.76.247.183 - - [18/May/2015:01:05:21 +0000] "GET /presentations/logstash-preso-1.0/images/nagios-sms2.png HTTP/1.1" 200 60656 "http://www.semicomplete.com/presentations/logstash-preso-1.0/" "Mozilla/5.0 (Windows NT 6.1; WOW64) AppleWebKit/537.36 (KHTML, like Gecko) Chrome/32.0.1700.107 Safari/537.36"
86.76.247.183 - - [18/May/2015:01:05:03 +0000] "GET /presentations/logstash-preso-1.0/css/fonts/cJZKeOuBrn4kERxqtaUH3aCWcynf_cDxXwCLxiixG1c.ttf HTTP/1.1" 200 36492 "http://www.semicomplete.com/presentations/logstash-preso-1.0/" "Mozilla/5.0 (Windows NT 6.1; WOW64) AppleWebKit/537.36 (KHTML, like Gecko) Chrome/32.0.1700.107 Safari/537.36"
86.76.247.183 - - [18/May/2015:01:05:16 +0000] "GET /presentations/logstash-preso-1.0/images/nagios-sms3.png HTTP/1.1" 200 65917 "http://www.semicomplete.com/presentations/logstash-preso-1.0/" "Mozilla/5.0 (Windows NT 6.1; WOW64) AppleWebKit/537.36 (KHTML, like Gecko) Chrome/32.0.1700.107 Safari/537.36"
86.76.247.183 - - [18/May/2015:01:05:40 +0000] "GET /presentations/logstash-preso-1.0/images/jordan.jpg HTTP/1.1" 200 278476 "http://www.semicomplete.com/presentations/logstash-preso-1.0/" "Mozilla/5.0 (Windows NT 6.1; WOW64) AppleWebKit/537.36 (KHTML, like Gecko) Chrome/32.0.1700.107 Safari/537.36"
86.76.247.183 - - [18/May/2015:01:05:57 +0000] "GET /presentations/logstash-preso-1.0/plugin/markdown/showdown.js HTTP/1.1" 200 9904 "http://www.semicomplete.com/presentations/logstash-preso-1.0/" "Mozilla/5.0 (Windows NT 6.1; WOW64) AppleWebKit/537.36 (KHTML, like Gecko) Chrome/32.0.1700.107 Safari/537.36"
86.76.247.183 - - [18/May/2015:01:05:58 +0000] "GET /presentations/logstash-preso-1.0/plugin/markdown/markdown.js HTTP/1.1" 200 1187 "http://www.semicomplete.com/presentations/logstash-preso-1.0/" "Mozilla/5.0 (Windows NT 6.1; WOW64) AppleWebKit/537.36 (KHTML, like Gecko) Chrome/32.0.1700.107 Safari/537.36"
86.76.247.183 - - [18/May/2015:01:05:52 +0000] "GET /presentations/logstash-preso-1.0/images/Dreamhost_logo.svg HTTP/1.1" 200 2126 "http://www.semicomplete.com/presentations/logstash-preso-1.0/" "Mozilla/5.0 (Windows NT 6.1; WOW64) AppleWebKit/537.36 (KHTML, like Gecko) Chrome/32.0.1700.107 Safari/537.36"
86.76.247.183 - - [18/May/2015:01:05:04 +0000] "GET /presentations/logstash-preso-1.0/plugin/highlight/highlight.js HTTP/1.1" 200 26185 "http://www.semicomplete.com/presentations/logstash-preso-1.0/" "Mozilla/5.0 (Windows NT 6.1; WOW64) AppleWebKit/537.36 (KHTML, like Gecko) Chrome/32.0.1700.107 Safari/537.36"
86.76.247.183 - - [18/May/2015:01:05:53 +0000] "GET /presentations/logstash-preso-1.0/images/xkcd-perlswing-many.png HTTP/1.1" 200 100207 "http://www.semicomplete.com/presentations/logstash-preso-1.0/" "Mozilla/5.0 (Windows NT 6.1; WOW64) AppleWebKit/537.36 (KHTML, like Gecko) Chrome/32.0.1700.107 Safari/537.36"
86.76.247.183 - - [18/May/2015:01:05:27 +0000] "GET /presentations/logstash-preso-1.0/images/nagios-sms4.png HTTP/1.1" 200 72949 "http://www.semicomplete.com/presentations/logstash-preso-1.0/" "Mozilla/5.0 (Windows NT 6.1; WOW64) AppleWebKit/537.36 (KHTML, like Gecko) Chrome/32.0.1700.107 Safari/537.36"
86.76.247.183 - - [18/May/2015:01:05:42 +0000] "GET /presentations/logstash-preso-1.0/plugin/zoom-js/zoom.js HTTP/1.1" 200 7697 "http://www.semicomplete.com/presentations/logstash-preso-1.0/" "Mozilla/5.0 (Windows NT 6.1; WOW64) AppleWebKit/537.36 (KHTML, like Gecko) Chrome/32.0.1700.107 Safari/537.36"
86.76.247.183 - - [18/May/2015:01:05:47 +0000] "GET /presentations/logstash-preso-1.0/images/computer-keyboard-jacket.jpg HTTP/1.1" 200 176805 "http://www.semicomplete.com/presentations/logstash-preso-1.0/" "Mozilla/5.0 (Windows NT 6.1; WOW64) AppleWebKit/537.36 (KHTML, like Gecko) Chrome/32.0.1700.107 Safari/537.36"
86.76.247.183 - - [18/May/2015:01:05:22 +0000] "GET /presentations/logstash-preso-1.0/plugin/notes/notes.js HTTP/1.1" 200 2892 "http://www.semicomplete.com/presentations/logstash-preso-1.0/" "Mozilla/5.0 (Windows NT 6.1; WOW64) AppleWebKit/537.36 (KHTML, like Gecko) Chrome/32.0.1700.107 Safari/537.36"
86.76.247.183 - - [18/May/2015:01:05:21 +0000] "GET /presentations/logstash-preso-1.0/css/fonts/Roboto-Bold.ttf HTTP/1.1" 200 38720 "http://www.semicomplete.com/presentations/logstash-preso-1.0/" "Mozilla/5.0 (Windows NT 6.1; WOW64) AppleWebKit/537.36 (KHTML, like Gecko) Chrome/32.0.1700.107 Safari/537.36"
86.76.247.183 - - [18/May/2015:01:05:41 +0000] "GET /presentations/logstash-preso-1.0/css/fonts/Roboto-Regular.ttf HTTP/1.1" 200 41820 "http://www.semicomplete.com/presentations/logstash-preso-1.0/" "Mozilla/5.0 (Windows NT 6.1; WOW64) AppleWebKit/537.36 (KHTML, like Gecko) Chrome/32.0.1700.107 Safari/537.36"
86.76.247.183 - - [18/May/2015:01:05:27 +0000] "GET /presentations/logstash-preso-1.0/images/logstash-dreamhost-day.png HTTP/1.1" 200 34213 "http://www.semicomplete.com/presentations/logstash-preso-1.0/" "Mozilla/5.0 (Windows NT 6.1; WOW64) AppleWebKit/537.36 (KHTML, like Gecko) Chrome/32.0.1700.107 Safari/537.36"
86.76.247.183 - - [18/May/2015:01:05:13 +0000] "GET /presentations/logstash-preso-1.0/images/sad-medic.png HTTP/1.1" 200 430406 "http://www.semicomplete.com/presentations/logstash-preso-1.0/" "Mozilla/5.0 (Windows NT 6.1; WOW64) AppleWebKit/537.36 (KHTML, like Gecko) Chrome/32.0.1700.107 Safari/537.36"
86.76.247.183 - - [18/May/2015:01:05:18 +0000] "GET /presentations/logstash-preso-1.0/images/nagios-sms5.png HTTP/1.1" 200 78075 "http://www.semicomplete.com/presentations/logstash-preso-1.0/" "Mozilla/5.0 (Windows NT 6.1; WOW64) AppleWebKit/537.36 (KHTML, like Gecko) Chrome/32.0.1700.107 Safari/537.36"
86.76.247.183 - - [18/May/2015:01:05:35 +0000] "GET /presentations/logstash-preso-1.0/images/kibana-dashboard3.png HTTP/1.1" 200 171717 "http://www.semicomplete.com/presentations/logstash-preso-1.0/" "Mozilla/5.0 (Windows NT 6.1; WOW64) AppleWebKit/537.36 (KHTML, like Gecko) Chrome/32.0.1700.107 Safari/537.36"
86.76.247.183 - - [18/May/2015:01:05:07 +0000] "GET /presentations/logstash-preso-1.0/images/kibana-search.png HTTP/1.1" 200 203023 "http://www.semicomplete.com/presentations/logstash-preso-1.0/" "Mozilla/5.0 (Windows NT 6.1; WOW64) AppleWebKit/537.36 (KHTML, like Gecko) Chrome/32.0.1700.107 Safari/537.36"
86.76.247.183 - - [18/May/2015:01:05:30 +0000] "GET /presentations/logstash-preso-1.0/images/kibana-dashboard2.png HTTP/1.1" 200 394967 "http://www.semicomplete.com/presentations/logstash-preso-1.0/" "Mozilla/5.0 (Windows NT 6.1; WOW64) AppleWebKit/537.36 (KHTML, like Gecko) Chrome/32.0.1700.107 Safari/537.36"
173.252.110.114 - - [18/May/2015:01:05:03 +0000] "GET /presentations/logstash-preso-1.0/images/ahhh___rage_face_by_samusmmx-d5g5zap.png HTTP/1.1" 206 175208 "-" "facebookexternalhit/1.1 (+http://www.facebook.com/externalhit_uatext.php)"
173.252.110.119 - - [18/May/2015:01:05:04 +0000] "GET /presentations/logstash-preso-1.0/images/ahhh___rage_face_by_samusmmx-d5g5zap.png HTTP/1.1" 206 9000 "http://www.semicomplete.com/presentations/logstash-preso-1.0/images/ahhh___rage_face_by_samusmmx-d5g5zap.png" "facebookexternalhit/1.1 (+http://www.facebook.com/externalhit_uatext.php)"
86.76.247.183 - - [18/May/2015:01:05:26 +0000] "GET /presentations/logstash-preso-1.0/images/kibana-dashboard.png HTTP/1.1" 200 321631 "http://www.semicomplete.com/presentations/logstash-preso-1.0/" "Mozilla/5.0 (Windows NT 6.1; WOW64) AppleWebKit/537.36 (KHTML, like Gecko) Chrome/32.0.1700.107 Safari/537.36"
86.76.247.183 - - [18/May/2015:01:05:16 +0000] "GET /presentations/logstash-preso-1.0/images/simple-inputs.jpg HTTP/1.1" 200 1045663 "http://www.semicomplete.com/presentations/logstash-preso-1.0/" "Mozilla/5.0 (Windows NT 6.1; WOW64) AppleWebKit/537.36 (KHTML, like Gecko) Chrome/32.0.1700.107 Safari/537.36"
86.76.247.183 - - [18/May/2015:01:05:56 +0000] "GET /presentations/logstash-preso-1.0/images/simple-inputs-filters.jpg HTTP/1.1" 200 1114500 "http://www.semicomplete.com/presentations/logstash-preso-1.0/" "Mozilla/5.0 (Windows NT 6.1; WOW64) AppleWebKit/537.36 (KHTML, like Gecko) Chrome/32.0.1700.107 Safari/537.36"
69.171.248.4 - - [18/May/2015:01:05:23 +0000] "GET /presentations/logstash-preso-1.0/images/ahhh___rage_face_by_samusmmx-d5g5zap.png HTTP/1.1" 206 175208 "-" "facebookexternalhit/1.1 (+http://www.facebook.com/externalhit_uatext.php)"
86.76.247.183 - - [18/May/2015:01:05:42 +0000] "GET /presentations/logstash-preso-1.0/images/simple-inputs-filters-outputs.jpg HTTP/1.1" 200 1168622 "http://www.semicomplete.com/presentations/logstash-preso-1.0/" "Mozilla/5.0 (Windows NT 6.1; WOW64) AppleWebKit/537.36 (KHTML, like Gecko) Chrome/32.0.1700.107 Safari/537.36"
69.171.248.3 - - [18/May/2015:01:05:32 +0000] "GET /presentations/logstash-preso-1.0/images/ahhh___rage_face_by_samusmmx-d5g5zap.png HTTP/1.1" 206 175208 "-" "facebookexternalhit/1.1 (+http://www.facebook.com/externalhit_uatext.php)"
86.76.247.183 - - [18/May/2015:01:05:53 +0000] "GET /presentations/logstash-preso-1.0/images/tiered-outputs-to-inputs.jpg HTTP/1.1" 200 1079983 "http://www.semicomplete.com/presentations/logstash-preso-1.0/" "Mozilla/5.0 (Windows NT 6.1; WOW64) AppleWebKit/537.36 (KHTML, like Gecko) Chrome/32.0.1700.107 Safari/537.36"
173.252.80.112 - - [18/May/2015:01:05:49 +0000] "GET /presentations/logstash-preso-1.0/images/ahhh___rage_face_by_samusmmx-d5g5zap.png HTTP/1.1" 200 175208 "-" "-"
86.76.247.183 - - [18/May/2015:01:05:36 +0000] "GET /presentations/logstash-preso-1.0/images/logstashbook.png HTTP/1.1" 200 54662 "http://www.semicomplete.com/presentations/logstash-preso-1.0/" "Mozilla/5.0 (Windows NT 6.1; WOW64) AppleWebKit/537.36 (KHTML, like Gecko) Chrome/32.0.1700.107 Safari/537.36"
86.76.247.183 - - [18/May/2015:01:05:15 +0000] "GET /presentations/logstash-preso-1.0/images/nagios-sms6.png HTTP/1.1" 200 82859 "http://www.semicomplete.com/presentations/logstash-preso-1.0/" "Mozilla/5.0 (Windows NT 6.1; WOW64) AppleWebKit/537.36 (KHTML, like Gecko) Chrome/32.0.1700.107 Safari/537.36"
86.76.247.183 - - [18/May/2015:01:05:33 +0000] "GET /presentations/logstash-preso-1.0/images/xkcd-perl.png HTTP/1.1" 200 80663 "http://www.semicomplete.com/presentations/logstash-preso-1.0/" "Mozilla/5.0 (Windows NT 6.1; WOW64) AppleWebKit/537.36 (KHTML, like Gecko) Chrome/32.0.1700.107 Safari/537.36"
86.76.247.183 - - [18/May/2015:01:05:43 +0000] "GET /presentations/logstash-preso-1.0/images/frontend-response-codes.png HTTP/1.1" 200 52878 "http://www.semicomplete.com/presentations/logstash-preso-1.0/" "Mozilla/5.0 (Windows NT 6.1; WOW64) AppleWebKit/537.36 (KHTML, like Gecko) Chrome/32.0.1700.107 Safari/537.36"
86.76.247.183 - - [18/May/2015:01:05:28 +0000] "GET /presentations/logstash-preso-1.0/images/tiered-redis-output.jpg HTTP/1.1" 200 1221927 "http://www.semicomplete.com/presentations/logstash-preso-1.0/" "Mozilla/5.0 (Windows NT 6.1; WOW64) AppleWebKit/537.36 (KHTML, like Gecko) Chrome/32.0.1700.107 Safari/537.36"
86.76.247.183 - - [18/May/2015:01:05:14 +0000] "GET /presentations/logstash-preso-1.0/css/print/paper.css HTTP/1.1" 200 4254 "http://www.semicomplete.com/presentations/logstash-preso-1.0/" "Mozilla/5.0 (Windows NT 6.1; WOW64) AppleWebKit/537.36 (KHTML, like Gecko) Chrome/32.0.1700.107 Safari/537.36"
86.76.247.183 - - [18/May/2015:01:05:28 +0000] "GET /presentations/logstash-preso-1.0/images/tiered-redis-input.jpg HTTP/1.1" 200 1046727 "http://www.semicomplete.com/presentations/logstash-preso-1.0/" "Mozilla/5.0 (Windows NT 6.1; WOW64) AppleWebKit/537.36 (KHTML, like Gecko) Chrome/32.0.1700.107 Safari/537.36"
86.76.247.183 - - [18/May/2015:01:05:01 +0000] "GET /presentations/logstash-preso-1.0/images/tiered-redis-input-complete.jpg HTTP/1.1" 200 1103268 "http://www.semicomplete.com/presentations/logstash-preso-1.0/" "Mozilla/5.0 (Windows NT 6.1; WOW64) AppleWebKit/537.36 (KHTML, like Gecko) Chrome/32.0.1700.107 Safari/537.36"
86.76.247.183 - - [18/May/2015:01:05:58 +0000] "GET /presentations/logstash-preso-1.0/images/tiered-outputs-to-inputs-redis.jpg HTTP/1.1" 200 2763364 "http://www.semicomplete.com/presentations/logstash-preso-1.0/" "Mozilla/5.0 (Windows NT 6.1; WOW64) AppleWebKit/537.36 (KHTML, like Gecko) Chrome/32.0.1700.107 Safari/537.36"
86.76.247.183 - - [18/May/2015:02:05:40 +0000] "GET /favicon.ico HTTP/1.1" 200 3638 "-" "Mozilla/5.0 (Windows NT 6.1; WOW64) AppleWebKit/537.36 (KHTML, like Gecko) Chrome/32.0.1700.107 Safari/537.36"
107.22.42.225 - - [18/May/2015:02:05:26 +0000] "GET /favicon.ico HTTP/1.1" 200 3638 "-" "HTTP_Request2/2.1.1 (http://pear.php.net/package/http_request2) PHP/5.3.2-1ubuntu4.18"
208.91.156.11 - - [18/May/2015:02:05:37 +0000] "GET /files/logstash/logstash-1.3.2-monolithic.jar HTTP/1.1" 404 324 "-" "Chef Client/10.18.2 (ruby-1.9.3-p327; ohai-6.16.0; x86_64-linux; +http://opscode.com)"
198.46.149.143 - - [18/May/2015:02:05:59 +0000] "GET /blog/geekery/disabling-battery-in-ubuntu-vms.html?utm_source=feedburner&utm_medium=feed&utm_campaign=Feed%3A+semicomplete%2Fmain+%28semicomplete.com+-+Jordan+Sissel%29 HTTP/1.1" 200 9316 "-" "Tiny Tiny RSS/1.11 (http://tt-rss.org/)"
198.46.149.143 - - [18/May/2015:02:05:52 +0000] "GET /blog/geekery/solving-good-or-bad-problems.html?utm_source=feedburner&utm_medium=feed&utm_campaign=Feed%3A+semicomplete%2Fmain+%28semicomplete.com+-+Jordan+Sissel%29 HTTP/1.1" 200 10756 "-" "Tiny Tiny RSS/1.11 (http://tt-rss.org/)"
207.241.237.226 - - [18/May/2015:02:05:32 +0000] "GET /blog/tags/xulrunner HTTP/1.0" 200 15068 "http://www.semicomplete.com/blog/tags/year%20review" "Mozilla/5.0 (compatible; archive.org_bot +http://www.archive.org/details/archive.org_bot)"
83.115.137.249 - - [18/May/2015:02:05:58 +0000] "GET /presentations/logstash-preso-1.0/images/ahhh___rage_face_by_samusmmx-d5g5zap.png HTTP/1.1" 200 175208 "-" "Mozilla/5.0 (Linux; U; Android 4.1.1; fr-; Arc Build/JRO03L) AppleWebKit/534.30 (KHTML, like Gecko) Version/4.0 Safari/534.30"
100.43.83.137 - - [18/May/2015:02:05:13 +0000] "GET /presentations/logstash-puppetconf-2012/images/sysadvent.png HTTP/1.1" 304 - "-" "Mozilla/5.0 (compatible; YandexImages/3.0; +http://yandex.com/bots)"
83.115.137.249 - - [18/May/2015:02:05:03 +0000] "GET /favicon.ico HTTP/1.1" 200 3638 "http://www.semicomplete.com/presentations/logstash-preso-1.0/images/ahhh___rage_face_by_samusmmx-d5g5zap.png" "Mozilla/5.0 (Linux; U; Android 4.1.1; fr-; Arc Build/JRO03L) AppleWebKit/534.30 (KHTML, like Gecko) Version/4.0 Safari/534.30"
23.20.83.155 - - [18/May/2015:02:05:48 +0000] "GET /favicon.ico HTTP/1.1" 200 3638 "-" "HTTP_Request2/2.1.1 (http://pear.php.net/package/http_request2) PHP/5.3.2-1ubuntu4.19"
23.20.83.155 - - [18/May/2015:02:05:15 +0000] "GET /apple-touch-icon.png HTTP/1.1" 404 300 "-" "HTTP_Request2/2.1.1 (http://pear.php.net/package/http_request2) PHP/5.3.2-1ubuntu4.19"
207.241.237.220 - - [18/May/2015:02:05:27 +0000] "GET /blog/tags/shdh HTTP/1.0" 200 14596 "http://www.semicomplete.com/blog/tags/year%20review" "Mozilla/5.0 (compatible; archive.org_bot +http://www.archive.org/details/archive.org_bot)"
66.249.73.135 - - [18/May/2015:02:05:47 +0000] "GET /blog/rants/forbes-dot-com-sucks.html HTTP/1.1" 200 9482 "-" "Mozilla/5.0 (iPhone; CPU iPhone OS 6_0 like Mac OS X) AppleWebKit/536.26 (KHTML, like Gecko) Version/6.0 Mobile/10A5376e Safari/8536.25 (compatible; Googlebot/2.1; +http://www.google.com/bot.html)"
207.241.237.223 - - [18/May/2015:02:05:08 +0000] "GET /blog/geekery/yahoo-hackday-08.html HTTP/1.0" 200 9882 "http://www.semicomplete.com/blog/tags/year%20review" "Mozilla/5.0 (compatible; archive.org_bot +http://www.archive.org/details/archive.org_bot)"
207.241.237.102 - - [18/May/2015:02:05:09 +0000] "GET /blog/geekery/grok-pattern-predicates HTTP/1.0" 200 10730 "http://www.semicomplete.com/blog/tags/year%20review" "Mozilla/5.0 (compatible; archive.org_bot +http://www.archive.org/details/archive.org_bot)"
197.235.139.144 - - [18/May/2015:02:05:37 +0000] "GET /images/googledotcom.png HTTP/1.1" 200 65748 "-" "Dalvik/1.6.0 (Linux; U; Android 4.1.2; GT-I8190 Build/JZO54K)"
207.241.237.101 - - [18/May/2015:02:05:01 +0000] "GET /blog/geekery/migration-to-googlecode.html HTTP/1.0" 200 9736 "http://www.semicomplete.com/blog/tags/year%20review" "Mozilla/5.0 (compatible; archive.org_bot +http://www.archive.org/details/archive.org_bot)"
107.170.40.199 - - [18/May/2015:02:05:13 +0000] "GET /?flav=atom HTTP/1.1" 200 32352 "-" "Feedbin - 1 subscribers"
74.125.176.150 - - [18/May/2015:02:05:44 +0000] "GET /?flav=rss20 HTTP/1.1" 200 29941 "-" "FeedBurner/1.0 (http://www.FeedBurner.com)"
46.105.14.53 - - [18/May/2015:02:05:15 +0000] "GET /blog/tags/puppet?flav=rss20 HTTP/1.1" 200 14872 "-" "UniversalFeedParser/4.2-pre-314-svn +http://feedparser.org/"
207.241.237.221 - - [18/May/2015:02:05:27 +0000] "GET /blog/tags/shmoocon2007 HTTP/1.0" 200 14763 "http://www.semicomplete.com/blog/tags/year%20review" "Mozilla/5.0 (compatible; archive.org_bot +http://www.archive.org/details/archive.org_bot)"
66.249.73.135 - - [18/May/2015:02:05:38 +0000] "GET /presentations/logstash-hmmm/ HTTP/1.1" 200 18298 "-" "Mozilla/5.0 (compatible; Googlebot/2.1; +http://www.google.com/bot.html)"
109.189.132.223 - - [18/May/2015:02:05:23 +0000] "GET /projects/xdotool/ HTTP/1.1" 200 12292 "https://www.google.no/" "Mozilla/5.0 (Windows NT 6.2; WOW64) AppleWebKit/537.36 (KHTML, like Gecko) Chrome/33.0.1750.91 Safari/537.36"
207.241.237.103 - - [18/May/2015:02:05:19 +0000] "GET /scripts/tagcloud.py HTTP/1.0" 200 1765 "http://www.semicomplete.com/blog/tags/year%20review" "Mozilla/5.0 (compatible; archive.org_bot +http://www.archive.org/details/archive.org_bot)"
109.189.132.223 - - [18/May/2015:02:05:35 +0000] "GET /reset.css HTTP/1.1" 200 1015 "http://www.semicomplete.com/projects/xdotool/" "Mozilla/5.0 (Windows NT 6.2; WOW64) AppleWebKit/537.36 (KHTML, like Gecko) Chrome/33.0.1750.91 Safari/537.36"
109.189.132.223 - - [18/May/2015:02:05:39 +0000] "GET /style2.css HTTP/1.1" 200 4877 "http://www.semicomplete.com/projects/xdotool/" "Mozilla/5.0 (Windows NT 6.2; WOW64) AppleWebKit/537.36 (KHTML, like Gecko) Chrome/33.0.1750.91 Safari/537.36"
109.189.132.223 - - [18/May/2015:02:05:51 +0000] "GET /images/jordan-80.png HTTP/1.1" 200 6146 "http://www.semicomplete.com/projects/xdotool/" "Mozilla/5.0 (Windows NT 6.2; WOW64) AppleWebKit/537.36 (KHTML, like Gecko) Chrome/33.0.1750.91 Safari/537.36"
109.189.132.223 - - [18/May/2015:02:05:41 +0000] "GET /images/web/2009/banner.png HTTP/1.1" 200 52315 "http://www.semicomplete.com/projects/xdotool/" "Mozilla/5.0 (Windows NT 6.2; WOW64) AppleWebKit/537.36 (KHTML, like Gecko) Chrome/33.0.1750.91 Safari/537.36"
109.189.132.223 - - [18/May/2015:02:05:37 +0000] "GET /favicon.ico HTTP/1.1" 200 3638 "-" "Mozilla/5.0 (Windows NT 6.2; WOW64) AppleWebKit/537.36 (KHTML, like Gecko) Chrome/33.0.1750.91 Safari/537.36"
207.241.237.220 - - [18/May/2015:02:05:21 +0000] "GET /blog/tags/barcampnyc HTTP/1.0" 200 10762 "http://www.semicomplete.com/blog/tags/year%20review" "Mozilla/5.0 (compatible; archive.org_bot +http://www.archive.org/details/archive.org_bot)"
207.241.237.103 - - [18/May/2015:02:05:59 +0000] "GET /blog/geekery/rhapsody-on-linux.html HTTP/1.0" 200 9109 "http://www.semicomplete.com/blog/tags/year%20review" "Mozilla/5.0 (compatible; archive.org_bot +http://www.archive.org/details/archive.org_bot)"
207.241.237.220 - - [18/May/2015:02:05:14 +0000] "GET /blog/tags/fex HTTP/1.0" 200 13425 "http://www.semicomplete.com/blog/tags/year%20review" "Mozilla/5.0 (compatible; archive.org_bot +http://www.archive.org/details/archive.org_bot)"
80.57.170.121 - - [18/May/2015:02:05:44 +0000] "GET /blog/geekery/debugging-java-performance.html HTTP/1.1" 200 15796 "http://logstash.net/docs/1.3.3/life-of-an-event" "Mozilla/5.0 (iPad; CPU OS 7_0 like Mac OS X) AppleWebKit/537.51.1 (KHTML, like Gecko) CriOS/32.0.1700.21 Mobile/11A465 Safari/9537.53"
80.57.170.121 - - [18/May/2015:02:05:18 +0000] "GET /reset.css HTTP/1.1" 200 1015 "http://www.semicomplete.com/blog/geekery/debugging-java-performance.html" "Mozilla/5.0 (iPad; CPU OS 7_0 like Mac OS X) AppleWebKit/537.51.1 (KHTML, like Gecko) CriOS/32.0.1700.21 Mobile/11A465 Safari/9537.53"
80.57.170.121 - - [18/May/2015:02:05:35 +0000] "GET /style2.css HTTP/1.1" 200 4877 "http://www.semicomplete.com/blog/geekery/debugging-java-performance.html" "Mozilla/5.0 (iPad; CPU OS 7_0 like Mac OS X) AppleWebKit/537.51.1 (KHTML, like Gecko) CriOS/32.0.1700.21 Mobile/11A465 Safari/9537.53"
80.57.170.121 - - [18/May/2015:02:05:15 +0000] "GET /images/jordan-80.png HTTP/1.1" 200 6146 "http://www.semicomplete.com/blog/geekery/debugging-java-performance.html" "Mozilla/5.0 (iPad; CPU OS 7_0 like Mac OS X) AppleWebKit/537.51.1 (KHTML, like Gecko) CriOS/32.0.1700.21 Mobile/11A465 Safari/9537.53"
80.57.170.121 - - [18/May/2015:02:05:06 +0000] "GET /images/web/2009/banner.png HTTP/1.1" 200 52315 "http://www.semicomplete.com/blog/geekery/debugging-java-performance.html" "Mozilla/5.0 (iPad; CPU OS 7_0 like Mac OS X) AppleWebKit/537.51.1 (KHTML, like Gecko) CriOS/32.0.1700.21 Mobile/11A465 Safari/9537.53"
80.57.170.121 - - [18/May/2015:02:05:47 +0000] "GET /favicon.ico HTTP/1.1" 200 3638 "-" "Mozilla/5.0 (iPad; CPU OS 7_0 like Mac OS X) AppleWebKit/537.51.1 (KHTML, like Gecko) CriOS/32.0.1700.21 Mobile/11A465 Safari/9537.53"
207.241.237.102 - - [18/May/2015:02:05:13 +0000] "GET /blog/geekery/pull-album-covers-from-amazon.html HTTP/1.0" 200 9356 "http://www.semicomplete.com/blog/tags/year%20review" "Mozilla/5.0 (compatible; archive.org_bot +http://www.archive.org/details/archive.org_bot)"
207.241.237.225 - - [18/May/2015:02:05:21 +0000] "GET /blog/tags/weekof HTTP/1.0" 200 12410 "http://www.semicomplete.com/blog/tags/year%20review" "Mozilla/5.0 (compatible; archive.org_bot +http://www.archive.org/details/archive.org_bot)"
207.241.237.223 - - [18/May/2015:02:05:28 +0000] "GET /blog/rants/the-itunes-model.html HTTP/1.0" 200 10170 "http://www.semicomplete.com/blog/tags/year%20review" "Mozilla/5.0 (compatible; archive.org_bot +http://www.archive.org/details/archive.org_bot)"
207.241.237.225 - - [18/May/2015:02:05:36 +0000] "GET /blog/geekery/non-compiler-caching.html HTTP/1.0" 200 10495 "http://www.semicomplete.com/blog/tags/year%20review" "Mozilla/5.0 (compatible; archive.org_bot +http://www.archive.org/details/archive.org_bot)"
157.56.229.247 - - [18/May/2015:02:05:22 +0000] "GET /blog/tags/eventdb HTTP/1.1" 200 20966 "-" "Mozilla/5.0 (compatible; bingbot/2.0; +http://www.bing.com/bingbot.htm)"
209.85.238.199 - - [18/May/2015:02:05:44 +0000] "GET /?flav=rss20 HTTP/1.1" 200 29941 "-" "Feedfetcher-Google; (+http://www.google.com/feedfetcher.html; 22 subscribers; feed-id=8321906634162087507)"
207.241.237.227 - - [18/May/2015:02:05:53 +0000] "GET /blog/geekery/boost-xpressive-testing.html HTTP/1.0" 200 10337 "http://www.semicomplete.com/blog/tags/year%20review" "Mozilla/5.0 (compatible; archive.org_bot +http://www.archive.org/details/archive.org_bot)"
207.241.237.227 - - [18/May/2015:02:05:30 +0000] "GET /projects/pam_captcha/ HTTP/1.0" 200 10514 "http://www.semicomplete.com/blog/tags/year%20review" "Mozilla/5.0 (compatible; archive.org_bot +http://www.archive.org/details/archive.org_bot)"
66.249.73.135 - - [18/May/2015:02:05:46 +0000] "GET /blog/tags/logs HTTP/1.1" 200 34598 "-" "Mozilla/5.0 (iPhone; CPU iPhone OS 6_0 like Mac OS X) AppleWebKit/536.26 (KHTML, like Gecko) Version/6.0 Mobile/10A5376e Safari/8536.25 (compatible; Googlebot/2.1; +http://www.google.com/bot.html)"
207.241.237.223 - - [18/May/2015:02:05:20 +0000] "GET /blog/geekery/grok-pattern-autodiscovery HTTP/1.0" 200 12851 "http://www.semicomplete.com/blog/tags/year%20review" "Mozilla/5.0 (compatible; archive.org_bot +http://www.archive.org/details/archive.org_bot)"
207.241.237.104 - - [18/May/2015:02:05:25 +0000] "GET /blog/geekery/session-balancing-across-tomcats-with-apache.html HTTP/1.0" 200 12375 "http://www.semicomplete.com/blog/tags/year%20review" "Mozilla/5.0 (compatible; archive.org_bot +http://www.archive.org/details/archive.org_bot)"
207.241.237.223 - - [18/May/2015:02:05:08 +0000] "GET /blog/tags/xpressive HTTP/1.0" 200 12340 "http://www.semicomplete.com/blog/tags/year%20review" "Mozilla/5.0 (compatible; archive.org_bot +http://www.archive.org/details/archive.org_bot)"
207.241.237.226 - - [18/May/2015:02:05:25 +0000] "GET /blog/geekery/shell-shortcut-hacks.html HTTP/1.0" 200 9363 "http://www.semicomplete.com/blog/tags/year%20review" "Mozilla/5.0 (compatible; archive.org_bot +http://www.archive.org/details/archive.org_bot)"
66.249.83.223 - - [18/May/2015:02:05:01 +0000] "GET / HTTP/1.1" 200 37932 "-" "Mozilla/5.0 (Windows NT 6.1; rv:6.0) Gecko/20110814 Firefox/6.0 Google favicon"
66.249.83.223 - - [18/May/2015:02:05:33 +0000] "GET /favicon.ico HTTP/1.1" 200 3638 "-" "Mozilla/5.0 (Windows NT 6.1; rv:6.0) Gecko/20110814 Firefox/6.0 Google favicon"
46.105.14.53 - - [18/May/2015:02:05:54 +0000] "GET /blog/tags/puppet?flav=rss20 HTTP/1.1" 200 14872 "-" "UniversalFeedParser/4.2-pre-314-svn +http://feedparser.org/"
91.9.25.91 - - [18/May/2015:02:05:11 +0000] "GET /projects/xdotool/xdotool.xhtml HTTP/1.1" 200 50112 "http://www.murga-linux.com/puppy/viewtopic.php?p=217767" "Mozilla/5.0 (X11; Linux x86_64) AppleWebKit/537.36 (KHTML, like Gecko) Chrome/32.0.1700.107 Safari/537.36"
91.9.25.91 - - [18/May/2015:02:05:19 +0000] "GET /favicon.ico HTTP/1.1" 200 3638 "-" "Mozilla/5.0 (X11; Linux x86_64) AppleWebKit/537.36 (KHTML, like Gecko) Chrome/32.0.1700.107 Safari/537.36"
94.23.106.234 - - [18/May/2015:02:05:42 +0000] "GET /presentations/logstash-metrics-sf-2012.10/ HTTP/1.1" 200 18729 "http://semicomplete.com/" "Mozilla/5.0 (Macintosh; Intel Mac OS X 10.7; rv:21.0) Gecko/20100101 Firefox/21.0"
94.23.106.234 - - [18/May/2015:02:05:39 +0000] "GET /presentations/logstash-metrics-sf-2012.10/ HTTP/1.1" 200 18729 "http://semicomplete.com/" "Mozilla/5.0 (Macintosh; Intel Mac OS X 10.7; rv:21.0) Gecko/20100101 Firefox/21.0"
105.235.218.242 - - [18/May/2015:02:05:21 +0000] "GET /projects/xdotool/ HTTP/1.1" 200 12292 "https://www.google.co.mz/" "Mozilla/5.0 (Windows NT 6.1) AppleWebKit/537.36 (KHTML, like Gecko) Chrome/32.0.1700.107 Safari/537.36"
105.235.218.242 - - [18/May/2015:02:05:43 +0000] "GET /images/jordan-80.png HTTP/1.1" 200 6146 "http://www.semicomplete.com/projects/xdotool/" "Mozilla/5.0 (Windows NT 6.1) AppleWebKit/537.36 (KHTML, like Gecko) Chrome/32.0.1700.107 Safari/537.36"
105.235.218.242 - - [18/May/2015:02:05:13 +0000] "GET /reset.css HTTP/1.1" 200 1015 "http://www.semicomplete.com/projects/xdotool/" "Mozilla/5.0 (Windows NT 6.1) AppleWebKit/537.36 (KHTML, like Gecko) Chrome/32.0.1700.107 Safari/537.36"
105.235.218.242 - - [18/May/2015:02:05:32 +0000] "GET /style2.css HTTP/1.1" 200 4877 "http://www.semicomplete.com/projects/xdotool/" "Mozilla/5.0 (Windows NT 6.1) AppleWebKit/537.36 (KHTML, like Gecko) Chrome/32.0.1700.107 Safari/537.36"
105.235.218.242 - - [18/May/2015:02:05:07 +0000] "GET /images/web/2009/banner.png HTTP/1.1" 200 52315 "http://www.semicomplete.com/projects/xdotool/" "Mozilla/5.0 (Windows NT 6.1) AppleWebKit/537.36 (KHTML, like Gecko) Chrome/32.0.1700.107 Safari/537.36"
